// Jest Snapshot v1, https://goo.gl/fbAQLP

exports[`should match its snap shot 1`] = `
ShallowWrapper {
  "length": 1,
  Symbol(enzyme.__root__): [Circular],
  Symbol(enzyme.__unrendered__): <Card
    addToFavorites={[Function]}
    info={
        Object {
            "Data": Object {
              "Homeworld": "earth",
            },
            "name": "Julie",
          }
    }
    type="card"
/>,
  Symbol(enzyme.__renderer__): Object {
    "batchedUpdates": [Function],
    "getNode": [Function],
    "render": [Function],
    "simulateEvent": [Function],
    "unmount": [Function],
  },
  Symbol(enzyme.__node__): Object {
    "instance": null,
    "key": undefined,
    "nodeType": "host",
    "props": Object {
      "children": Array [
        <div
          className="top-section"
>
          <h2
                    className="name"
          >
                    Julie
          </h2>
</div>,
        <div
          className="additional-info"
>
          <p>
                     
                    Homeworld
                    : 
                    earth
                     
          </p>
</div>,
      ],
      "className": "undefined card",
      "onClick": [Function],
    },
    "ref": null,
    "rendered": Array [
      Object {
        "instance": null,
        "key": undefined,
        "nodeType": "host",
        "props": Object {
          "children": <h2
            className="name"
>
            Julie
</h2>,
          "className": "top-section",
        },
        "ref": null,
        "rendered": Object {
          "instance": null,
          "key": undefined,
          "nodeType": "host",
          "props": Object {
            "children": "Julie",
            "className": "name",
          },
          "ref": null,
          "rendered": "Julie",
          "type": "h2",
        },
        "type": "div",
      },
      Object {
        "instance": null,
        "key": undefined,
        "nodeType": "host",
        "props": Object {
          "children": Array [
            <p>
               
              Homeworld
              : 
              earth
               
</p>,
          ],
          "className": "additional-info",
        },
        "ref": null,
        "rendered": Array [
          Object {
            "instance": null,
            "key": "0",
            "nodeType": "host",
            "props": Object {
              "children": Array [
                " ",
                "Homeworld",
                ": ",
                "earth",
                " ",
              ],
            },
            "ref": null,
            "rendered": Array [
              " ",
              "Homeworld",
              ": ",
              "earth",
              " ",
            ],
            "type": "p",
          },
        ],
        "type": "div",
      },
    ],
    "type": "div",
  },
  Symbol(enzyme.__nodes__): Array [
    Object {
      "instance": null,
      "key": undefined,
      "nodeType": "host",
      "props": Object {
        "children": Array [
          <div
            className="top-section"
>
            <h2
                        className="name"
            >
                        Julie
            </h2>
</div>,
          <div
            className="additional-info"
>
            <p>
                         
                        Homeworld
                        : 
                        earth
                         
            </p>
</div>,
        ],
        "className": "undefined card",
        "onClick": [Function],
      },
      "ref": null,
      "rendered": Array [
        Object {
          "instance": null,
          "key": undefined,
          "nodeType": "host",
          "props": Object {
            "children": <h2
              className="name"
>
              Julie
</h2>,
            "className": "top-section",
          },
          "ref": null,
          "rendered": Object {
            "instance": null,
            "key": undefined,
            "nodeType": "host",
            "props": Object {
              "children": "Julie",
              "className": "name",
            },
            "ref": null,
            "rendered": "Julie",
            "type": "h2",
          },
          "type": "div",
        },
        Object {
          "instance": null,
          "key": undefined,
          "nodeType": "host",
          "props": Object {
            "children": Array [
              <p>
                 
                Homeworld
                : 
                earth
                 
</p>,
            ],
            "className": "additional-info",
          },
          "ref": null,
          "rendered": Array [
            Object {
              "instance": null,
              "key": "0",
              "nodeType": "host",
              "props": Object {
                "children": Array [
                  " ",
                  "Homeworld",
                  ": ",
                  "earth",
                  " ",
                ],
              },
              "ref": null,
              "rendered": Array [
                " ",
                "Homeworld",
                ": ",
                "earth",
                " ",
              ],
              "type": "p",
            },
          ],
          "type": "div",
        },
      ],
      "type": "div",
    },
  ],
  Symbol(enzyme.__options__): Object {
    "adapter": ReactSixteenAdapter {
      "options": Object {
        "enableComponentDidUpdateOnSetState": true,
      },
    },
  },
}
`;
